directory: /tmp/gh-tree-census-review-1_2m5lic
binary_sha256: 36267446881f60d71dbeafb56680e32c8e0d9280ca6669226a0f6a73edc06b30
Linux 6.18.33.2-microsoft-standard-WSL2 x86_64 GNU/Linux
=== RUN   TestNativeLinuxCensusRetainedStatAfterExactExit
    census_linux_test.go:74: live positive; exact exit0; native retained read ESRCH; absent census record; descriptor closed
--- PASS: TestNativeLinuxCensusRetainedStatAfterExactExit (0.00s)
=== RUN   TestLinuxCensusReadAndCloseFailuresRemainErrors
=== RUN   TestLinuxCensusReadAndCloseFailuresRemainErrors/read-no_such_file_or_directory-close-<nil>
=== RUN   TestLinuxCensusReadAndCloseFailuresRemainErrors/read-no_such_file_or_directory-close-input/output_error
=== RUN   TestLinuxCensusReadAndCloseFailuresRemainErrors/read-no_such_process-close-<nil>
=== RUN   TestLinuxCensusReadAndCloseFailuresRemainErrors/read-no_such_process-close-input/output_error
=== RUN   TestLinuxCensusReadAndCloseFailuresRemainErrors/read-permission_denied-close-<nil>
=== RUN   TestLinuxCensusReadAndCloseFailuresRemainErrors/read-permission_denied-close-input/output_error
=== RUN   TestLinuxCensusReadAndCloseFailuresRemainErrors/read-input/output_error-close-<nil>
=== RUN   TestLinuxCensusReadAndCloseFailuresRemainErrors/read-input/output_error-close-input/output_error
=== RUN   TestLinuxCensusReadAndCloseFailuresRemainErrors/read-bad_file_descriptor-close-<nil>
=== RUN   TestLinuxCensusReadAndCloseFailuresRemainErrors/read-bad_file_descriptor-close-input/output_error
=== RUN   TestLinuxCensusReadAndCloseFailuresRemainErrors/empty
=== RUN   TestLinuxCensusReadAndCloseFailuresRemainErrors/malformed
=== RUN   TestLinuxCensusReadAndCloseFailuresRemainErrors/oversized
--- PASS: TestLinuxCensusReadAndCloseFailuresRemainErrors (0.00s)
    --- PASS: TestLinuxCensusReadAndCloseFailuresRemainErrors/read-no_such_file_or_directory-close-<nil> (0.00s)
    --- PASS: TestLinuxCensusReadAndCloseFailuresRemainErrors/read-no_such_file_or_directory-close-input/output_error (0.00s)
    --- PASS: TestLinuxCensusReadAndCloseFailuresRemainErrors/read-no_such_process-close-<nil> (0.00s)
    --- PASS: TestLinuxCensusReadAndCloseFailuresRemainErrors/read-no_such_process-close-input/output_error (0.00s)
    --- PASS: TestLinuxCensusReadAndCloseFailuresRemainErrors/read-permission_denied-close-<nil> (0.00s)
    --- PASS: TestLinuxCensusReadAndCloseFailuresRemainErrors/read-permission_denied-close-input/output_error (0.00s)
    --- PASS: TestLinuxCensusReadAndCloseFailuresRemainErrors/read-input/output_error-close-<nil> (0.00s)
    --- PASS: TestLinuxCensusReadAndCloseFailuresRemainErrors/read-input/output_error-close-input/output_error (0.00s)
    --- PASS: TestLinuxCensusReadAndCloseFailuresRemainErrors/read-bad_file_descriptor-close-<nil> (0.00s)
    --- PASS: TestLinuxCensusReadAndCloseFailuresRemainErrors/read-bad_file_descriptor-close-input/output_error (0.00s)
    --- PASS: TestLinuxCensusReadAndCloseFailuresRemainErrors/empty (0.00s)
    --- PASS: TestLinuxCensusReadAndCloseFailuresRemainErrors/malformed (0.00s)
    --- PASS: TestLinuxCensusReadAndCloseFailuresRemainErrors/oversized (0.00s)
=== RUN   TestNativeUnixClientControlEOFIsResidualWithoutQuiescenceProof
--- PASS: TestNativeUnixClientControlEOFIsResidualWithoutQuiescenceProof (0.04s)
=== RUN   TestNativeUnixClientObservedEscapeRemainsResidual
--- PASS: TestNativeUnixClientObservedEscapeRemainsResidual (0.06s)
=== RUN   TestNativeUnixClientCancellationAtAcquisitionBarriers
=== RUN   TestNativeUnixClientCancellationAtAcquisitionBarriers/cwd
=== RUN   TestNativeUnixClientCancellationAtAcquisitionBarriers/control-pipes
=== RUN   TestNativeUnixClientCancellationAtAcquisitionBarriers/io
=== RUN   TestNativeUnixClientCancellationAtAcquisitionBarriers/supervisor-created
=== RUN   TestNativeUnixClientCancellationAtAcquisitionBarriers/start-sent
--- PASS: TestNativeUnixClientCancellationAtAcquisitionBarriers (0.04s)
    --- PASS: TestNativeUnixClientCancellationAtAcquisitionBarriers/cwd (0.00s)
    --- PASS: TestNativeUnixClientCancellationAtAcquisitionBarriers/control-pipes (0.00s)
    --- PASS: TestNativeUnixClientCancellationAtAcquisitionBarriers/io (0.00s)
    --- PASS: TestNativeUnixClientCancellationAtAcquisitionBarriers/supervisor-created (0.00s)
    --- PASS: TestNativeUnixClientCancellationAtAcquisitionBarriers/start-sent (0.04s)
=== RUN   TestNativeUnixClientPreAcquisitionCancellationOwnsNothing
--- PASS: TestNativeUnixClientPreAcquisitionCancellationOwnsNothing (0.00s)
=== RUN   TestNativeUnixUserRootDoesNotInheritPrivateEndpoints
--- PASS: TestNativeUnixUserRootDoesNotInheritPrivateEndpoints (0.05s)
=== RUN   TestNativeUnixClientNaturalExitAndIndependentStartContext
--- PASS: TestNativeUnixClientNaturalExitAndIndependentStartContext (0.05s)
=== RUN   TestNativeUnixClientLateStartCancelDoesNotKillPersistentRoot
--- PASS: TestNativeUnixClientLateStartCancelDoesNotKillPersistentRoot (0.07s)
=== RUN   TestNativeUnixClientRetainsBlockedOutputOwnerUntilJoin
--- PASS: TestNativeUnixClientRetainsBlockedOutputOwnerUntilJoin (0.10s)
=== RUN   TestNativeUnixClientOutputCallbackPanicIsOwned
--- PASS: TestNativeUnixClientOutputCallbackPanicIsOwned (0.00s)
=== RUN   TestNativeUnixClientEveryPartialCheckpointRetainsAndClosesOwner
=== RUN   TestNativeUnixClientEveryPartialCheckpointRetainsAndClosesOwner/cwd
=== RUN   TestNativeUnixClientEveryPartialCheckpointRetainsAndClosesOwner/control-request-pipe
=== RUN   TestNativeUnixClientEveryPartialCheckpointRetainsAndClosesOwner/control-pipes
=== RUN   TestNativeUnixClientEveryPartialCheckpointRetainsAndClosesOwner/input-pipe
=== RUN   TestNativeUnixClientEveryPartialCheckpointRetainsAndClosesOwner/stdout-pipe
=== RUN   TestNativeUnixClientEveryPartialCheckpointRetainsAndClosesOwner/pty-pair
=== RUN   TestNativeUnixClientEveryPartialCheckpointRetainsAndClosesOwner/pty-master
=== RUN   TestNativeUnixClientEveryPartialCheckpointRetainsAndClosesOwner/io
=== RUN   TestNativeUnixClientEveryPartialCheckpointRetainsAndClosesOwner/child-endpoint-0
=== RUN   TestNativeUnixClientEveryPartialCheckpointRetainsAndClosesOwner/child-endpoint-1
=== RUN   TestNativeUnixClientEveryPartialCheckpointRetainsAndClosesOwner/child-endpoint-2
=== RUN   TestNativeUnixClientEveryPartialCheckpointRetainsAndClosesOwner/child-endpoint-3
=== RUN   TestNativeUnixClientEveryPartialCheckpointRetainsAndClosesOwner/child-endpoint-4
=== RUN   TestNativeUnixClientEveryPartialCheckpointRetainsAndClosesOwner/output-reader-0
=== RUN   TestNativeUnixClientEveryPartialCheckpointRetainsAndClosesOwner/output-reader-1
=== RUN   TestNativeUnixClientEveryPartialCheckpointRetainsAndClosesOwner/supervisor-created
=== RUN   TestNativeUnixClientEveryPartialCheckpointRetainsAndClosesOwner/start-sent
--- PASS: TestNativeUnixClientEveryPartialCheckpointRetainsAndClosesOwner (0.05s)
    --- PASS: TestNativeUnixClientEveryPartialCheckpointRetainsAndClosesOwner/cwd (0.00s)
    --- PASS: TestNativeUnixClientEveryPartialCheckpointRetainsAndClosesOwner/control-request-pipe (0.00s)
    --- PASS: TestNativeUnixClientEveryPartialCheckpointRetainsAndClosesOwner/control-pipes (0.00s)
    --- PASS: TestNativeUnixClientEveryPartialCheckpointRetainsAndClosesOwner/input-pipe (0.00s)
    --- PASS: TestNativeUnixClientEveryPartialCheckpointRetainsAndClosesOwner/stdout-pipe (0.00s)
    --- PASS: TestNativeUnixClientEveryPartialCheckpointRetainsAndClosesOwner/pty-pair (0.00s)
    --- PASS: TestNativeUnixClientEveryPartialCheckpointRetainsAndClosesOwner/pty-master (0.00s)
    --- PASS: TestNativeUnixClientEveryPartialCheckpointRetainsAndClosesOwner/io (0.00s)
    --- PASS: TestNativeUnixClientEveryPartialCheckpointRetainsAndClosesOwner/child-endpoint-0 (0.00s)
    --- PASS: TestNativeUnixClientEveryPartialCheckpointRetainsAndClosesOwner/child-endpoint-1 (0.00s)
    --- PASS: TestNativeUnixClientEveryPartialCheckpointRetainsAndClosesOwner/child-endpoint-2 (0.00s)
    --- PASS: TestNativeUnixClientEveryPartialCheckpointRetainsAndClosesOwner/child-endpoint-3 (0.00s)
    --- PASS: TestNativeUnixClientEveryPartialCheckpointRetainsAndClosesOwner/child-endpoint-4 (0.00s)
    --- PASS: TestNativeUnixClientEveryPartialCheckpointRetainsAndClosesOwner/output-reader-0 (0.00s)
    --- PASS: TestNativeUnixClientEveryPartialCheckpointRetainsAndClosesOwner/output-reader-1 (0.00s)
    --- PASS: TestNativeUnixClientEveryPartialCheckpointRetainsAndClosesOwner/supervisor-created (0.00s)
    --- PASS: TestNativeUnixClientEveryPartialCheckpointRetainsAndClosesOwner/start-sent (0.04s)
=== RUN   TestNativeUnixClientInputFullAndCanceledPartialAreNotReplayed
--- PASS: TestNativeUnixClientInputFullAndCanceledPartialAreNotReplayed (0.09s)
=== RUN   TestNativeUnixClientStopUnblocksOwnedWriterAndRejectsNewControls
--- PASS: TestNativeUnixClientStopUnblocksOwnedWriterAndRejectsNewControls (0.07s)
=== RUN   TestNativeUnixClientFailedStartPreservesTypedFacts
--- PASS: TestNativeUnixClientFailedStartPreservesTypedFacts (0.00s)
=== RUN   TestNativeUnixClientPTYResizeInputAndETX
--- PASS: TestNativeUnixClientPTYResizeInputAndETX (0.02s)
=== RUN   TestNativeCwdAcquiresOriginalObjectAndRefusesRelocation
--- PASS: TestNativeCwdAcquiresOriginalObjectAndRefusesRelocation (0.00s)
=== RUN   TestNativeCwdRejectsStaleAndLinkedComponents
=== RUN   TestNativeCwdRejectsStaleAndLinkedComponents/stale
=== RUN   TestNativeCwdRejectsStaleAndLinkedComponents/symlink
=== RUN   TestNativeCwdRejectsStaleAndLinkedComponents/root-redirect
--- PASS: TestNativeCwdRejectsStaleAndLinkedComponents (0.00s)
    --- PASS: TestNativeCwdRejectsStaleAndLinkedComponents/stale (0.00s)
    --- PASS: TestNativeCwdRejectsStaleAndLinkedComponents/symlink (0.00s)
    --- PASS: TestNativeCwdRejectsStaleAndLinkedComponents/root-redirect (0.00s)
=== RUN   TestNativeCwdReplacementAtAcquisitionBarrier
=== RUN   TestNativeCwdReplacementAtAcquisitionBarrier/root-acquired
=== RUN   TestNativeCwdReplacementAtAcquisitionBarrier/project-acquired
--- PASS: TestNativeCwdReplacementAtAcquisitionBarrier (0.00s)
    --- PASS: TestNativeCwdReplacementAtAcquisitionBarrier/root-acquired (0.00s)
    --- PASS: TestNativeCwdReplacementAtAcquisitionBarrier/project-acquired (0.00s)
=== RUN   TestNativeCwdPartialAcquisitionCloseAndUnknownIdentityProfile
--- PASS: TestNativeCwdPartialAcquisitionCloseAndUnknownIdentityProfile (0.00s)
=== RUN   TestNativeRejectsNamedAndUnlinkedDirectionalFIFO
--- PASS: TestNativeRejectsNamedAndUnlinkedDirectionalFIFO (0.00s)
=== RUN   TestNativeRejectsReversedAnonymousPipeDirection
--- PASS: TestNativeRejectsReversedAnonymousPipeDirection (0.00s)
=== RUN   TestNativeAnonymousPipeEndpointProfile
    endpoints_unix_test.go:27: native pipe write=false access=0 fstatfs=<nil>
    endpoints_unix_test.go:27: native pipe write=true access=1 fstatfs=<nil>
--- PASS: TestNativeAnonymousPipeEndpointProfile (0.01s)
=== RUN   TestNativeUnixClientUnacquirableHelperCanRecover
--- PASS: TestNativeUnixClientUnacquirableHelperCanRecover (0.52s)
=== RUN   TestStartCodecRoundtripCopyAndRefusals
--- PASS: TestStartCodecRoundtripCopyAndRefusals (0.00s)
=== RUN   TestFramesRejectMalformedLengthsVersionsAndOpcodes
--- PASS: TestFramesRejectMalformedLengthsVersionsAndOpcodes (0.00s)
=== RUN   TestChannelReplayForeignBindingPoisonsConnection
--- PASS: TestChannelReplayForeignBindingPoisonsConnection (0.00s)
=== RUN   TestConcurrentSendFramesRemainWholeWithShortWrites
--- PASS: TestConcurrentSendFramesRemainWholeWithShortWrites (0.00s)
=== RUN   TestFirstFrameAndWriteFailure
--- PASS: TestFirstFrameAndWriteFailure (0.00s)
=== RUN   TestNativeUnixClientRepeatedPipesAndPTYDoNotLeak
    resources_unix_test.go:67: Linux process fd count 6→6
    resources_unix_test.go:69: linux: 102 owned native descriptor objects closed; goroutines 2→2
--- PASS: TestNativeUnixClientRepeatedPipesAndPTYDoNotLeak (0.70s)
=== RUN   TestReviewLinuxRetainedProcDisappearanceAndLivePeer
    review_census_linux_test.go:61: uid65534; exact child exit0; fresh open ENOENT; retained-directory open ESRCH; current open predicate misses ESRCH; corrected retained read omitted and closed; live peer remains in full census
--- PASS: TestReviewLinuxRetainedProcDisappearanceAndLivePeer (0.01s)
=== RUN   TestNativeAcquiredSignalHelpers
    signal_unix_test.go:450: native Linux uid=65534 gid=65534
        PASS foreign SID acquisition refused; control fixture remains alive
        PASS vanished candidate refuses or acquires only the new helper's own group
        PASS close before Commit leaves member alive
        PASS wrong Commit nonce rejected without signal
        PASS last original member exits after Joined; acquired helper signals only its pinned group
        PASS STOP helper parked, KILL helper joined stopped group, all owned waiters joined
        PASS full SID census contains only owning supervisor fixture
--- PASS: TestNativeAcquiredSignalHelpers (0.01s)
=== RUN   TestNativeSignalPrivateEntryFailsWithoutEndpoints
--- PASS: TestNativeSignalPrivateEntryFailsWithoutEndpoints (0.00s)
=== RUN   TestNativeCensusObservesCurrentIdentity
--- PASS: TestNativeCensusObservesCurrentIdentity (0.00s)
=== RUN   TestUnixStartEnvelopeEffectivePeriodsAndMalformedConfiguration
=== RUN   TestUnixStartEnvelopeEffectivePeriodsAndMalformedConfiguration/shared-without-periods
=== RUN   TestUnixStartEnvelopeEffectivePeriodsAndMalformedConfiguration/version
=== RUN   TestUnixStartEnvelopeEffectivePeriodsAndMalformedConfiguration/force-zero
=== RUN   TestUnixStartEnvelopeEffectivePeriodsAndMalformedConfiguration/grace-too-short
=== RUN   TestUnixStartEnvelopeEffectivePeriodsAndMalformedConfiguration/force-too-short
=== RUN   TestUnixStartEnvelopeEffectivePeriodsAndMalformedConfiguration/grace-too-long
=== RUN   TestUnixStartEnvelopeEffectivePeriodsAndMalformedConfiguration/force-too-long
=== RUN   TestUnixStartEnvelopeEffectivePeriodsAndMalformedConfiguration/truncated
=== RUN   TestUnixStartEnvelopeEffectivePeriodsAndMalformedConfiguration/trailing
=== RUN   TestUnixStartEnvelopeEffectivePeriodsAndMalformedConfiguration/oversized
=== RUN   TestUnixStartEnvelopeEffectivePeriodsAndMalformedConfiguration/grace-overflow
=== RUN   TestUnixStartEnvelopeEffectivePeriodsAndMalformedConfiguration/force-overflow
=== RUN   TestUnixStartEnvelopeEffectivePeriodsAndMalformedConfiguration/grace-zero
--- PASS: TestUnixStartEnvelopeEffectivePeriodsAndMalformedConfiguration (0.00s)
    --- PASS: TestUnixStartEnvelopeEffectivePeriodsAndMalformedConfiguration/shared-without-periods (0.00s)
    --- PASS: TestUnixStartEnvelopeEffectivePeriodsAndMalformedConfiguration/version (0.00s)
    --- PASS: TestUnixStartEnvelopeEffectivePeriodsAndMalformedConfiguration/force-zero (0.00s)
    --- PASS: TestUnixStartEnvelopeEffectivePeriodsAndMalformedConfiguration/grace-too-short (0.00s)
    --- PASS: TestUnixStartEnvelopeEffectivePeriodsAndMalformedConfiguration/force-too-short (0.00s)
    --- PASS: TestUnixStartEnvelopeEffectivePeriodsAndMalformedConfiguration/grace-too-long (0.00s)
    --- PASS: TestUnixStartEnvelopeEffectivePeriodsAndMalformedConfiguration/force-too-long (0.00s)
    --- PASS: TestUnixStartEnvelopeEffectivePeriodsAndMalformedConfiguration/truncated (0.00s)
    --- PASS: TestUnixStartEnvelopeEffectivePeriodsAndMalformedConfiguration/trailing (0.00s)
    --- PASS: TestUnixStartEnvelopeEffectivePeriodsAndMalformedConfiguration/oversized (0.00s)
    --- PASS: TestUnixStartEnvelopeEffectivePeriodsAndMalformedConfiguration/grace-overflow (0.00s)
    --- PASS: TestUnixStartEnvelopeEffectivePeriodsAndMalformedConfiguration/force-overflow (0.00s)
    --- PASS: TestUnixStartEnvelopeEffectivePeriodsAndMalformedConfiguration/grace-zero (0.00s)
=== RUN   TestNativeUnixMalformedStartupNeverExecutesUser
=== RUN   TestNativeUnixMalformedStartupNeverExecutesUser/trailing
=== RUN   TestNativeUnixMalformedStartupNeverExecutesUser/shared-without-periods
=== RUN   TestNativeUnixMalformedStartupNeverExecutesUser/grace-too-short
=== RUN   TestNativeUnixMalformedStartupNeverExecutesUser/force-too-short
=== RUN   TestNativeUnixMalformedStartupNeverExecutesUser/grace-too-long
=== RUN   TestNativeUnixMalformedStartupNeverExecutesUser/force-overflow
=== RUN   TestNativeUnixMalformedStartupNeverExecutesUser/grace-zero
=== RUN   TestNativeUnixMalformedStartupNeverExecutesUser/force-zero
=== RUN   TestNativeUnixMalformedStartupNeverExecutesUser/truncated
=== RUN   TestNativeUnixMalformedStartupNeverExecutesUser/version
=== RUN   TestNativeUnixMalformedStartupNeverExecutesUser/force-too-long
=== RUN   TestNativeUnixMalformedStartupNeverExecutesUser/grace-overflow
--- PASS: TestNativeUnixMalformedStartupNeverExecutesUser (0.01s)
    --- PASS: TestNativeUnixMalformedStartupNeverExecutesUser/trailing (0.00s)
    --- PASS: TestNativeUnixMalformedStartupNeverExecutesUser/shared-without-periods (0.00s)
    --- PASS: TestNativeUnixMalformedStartupNeverExecutesUser/grace-too-short (0.00s)
    --- PASS: TestNativeUnixMalformedStartupNeverExecutesUser/force-too-short (0.00s)
    --- PASS: TestNativeUnixMalformedStartupNeverExecutesUser/grace-too-long (0.00s)
    --- PASS: TestNativeUnixMalformedStartupNeverExecutesUser/force-overflow (0.00s)
    --- PASS: TestNativeUnixMalformedStartupNeverExecutesUser/grace-zero (0.00s)
    --- PASS: TestNativeUnixMalformedStartupNeverExecutesUser/force-zero (0.00s)
    --- PASS: TestNativeUnixMalformedStartupNeverExecutesUser/truncated (0.00s)
    --- PASS: TestNativeUnixMalformedStartupNeverExecutesUser/version (0.00s)
    --- PASS: TestNativeUnixMalformedStartupNeverExecutesUser/force-too-long (0.00s)
    --- PASS: TestNativeUnixMalformedStartupNeverExecutesUser/grace-overflow (0.00s)
=== RUN   TestNativeUnixNaturalRootExitUsesConstructionPeriods
=== RUN   TestNativeUnixNaturalRootExitUsesConstructionPeriods/injected
    start_unix_test.go:195: natural root-before-descendants injected cleanup=111.990723ms
=== RUN   TestNativeUnixNaturalRootExitUsesConstructionPeriods/defaults
    start_unix_test.go:195: natural root-before-descendants defaults cleanup=2.08920683s
--- PASS: TestNativeUnixNaturalRootExitUsesConstructionPeriods (2.20s)
    --- PASS: TestNativeUnixNaturalRootExitUsesConstructionPeriods/injected (0.11s)
    --- PASS: TestNativeUnixNaturalRootExitUsesConstructionPeriods/defaults (2.09s)
=== RUN   TestNativeUnixFailureAndControlEOFUseConstructionPeriods
=== RUN   TestNativeUnixFailureAndControlEOFUseConstructionPeriods/early-eof
    start_unix_test.go:266: early-eof cleanup owners joined in 37.713301ms; control residual retained
=== RUN   TestNativeUnixFailureAndControlEOFUseConstructionPeriods/control-eof
    start_unix_test.go:266: control-eof cleanup owners joined in 38.493242ms; control residual retained
=== RUN   TestNativeUnixFailureAndControlEOFUseConstructionPeriods/invalid-command
    start_unix_test.go:266: invalid-command cleanup owners joined in 39.940723ms; control residual retained
--- PASS: TestNativeUnixFailureAndControlEOFUseConstructionPeriods (0.13s)
    --- PASS: TestNativeUnixFailureAndControlEOFUseConstructionPeriods/early-eof (0.04s)
    --- PASS: TestNativeUnixFailureAndControlEOFUseConstructionPeriods/control-eof (0.04s)
    --- PASS: TestNativeUnixFailureAndControlEOFUseConstructionPeriods/invalid-command (0.05s)
=== RUN   TestNativeSupervisorAcquiredCwdNaturalExitAndRelease
--- PASS: TestNativeSupervisorAcquiredCwdNaturalExitAndRelease (0.06s)
=== RUN   TestNativeSupervisorRootExitsBeforeGrandchildCleanup
--- PASS: TestNativeSupervisorRootExitsBeforeGrandchildCleanup (2.09s)
=== RUN   TestNativeSupervisorPTYJobControlResizeAndRelease
--- PASS: TestNativeSupervisorPTYJobControlResizeAndRelease (2.04s)
PASS
native_exit: 0
