--- FAIL: TestReviewCopyInventory (0.01s)
    --- FAIL: TestReviewCopyInventory/RowMeta (0.00s)
        review_independent_test.go:36: shared mutable interval a.Sources[].data.Notices / b.data.Sources[].data.Notices
    --- FAIL: TestReviewCopyInventory/PaneHeader (0.00s)
        review_independent_test.go:36: shared mutable interval a.Sources[].data.Notices / b.data.Sources[].data.Notices
    --- FAIL: TestReviewCopyInventory/BranchRow (0.00s)
        review_independent_test.go:36: shared mutable interval a.Meta.data.Sources[].data.Notices / b.data.Meta.data.Sources[].data.Notices
    --- FAIL: TestReviewCopyInventory/PRRow (0.00s)
        review_independent_test.go:36: shared mutable interval a.Meta.data.Sources[].data.Notices / b.data.Meta.data.Sources[].data.Notices
    --- FAIL: TestReviewCopyInventory/FileChange (0.00s)
        review_independent_test.go:36: shared mutable interval a.Meta.data.Sources[].data.Notices / b.data.Meta.data.Sources[].data.Notices
    --- FAIL: TestReviewCopyInventory/WorktreeRow (0.00s)
        review_independent_test.go:36: shared mutable interval a.Changes[].data.Meta.data.Details / b.data.Changes[].data.Meta.data.Details
    --- FAIL: TestReviewCopyInventory/CommitRow (0.00s)
        review_independent_test.go:36: shared mutable interval a.Meta.data.Sources[].data.Notices / b.data.Meta.data.Sources[].data.Notices
    --- FAIL: TestReviewCopyInventory/StashRow (0.00s)
        review_independent_test.go:36: shared mutable interval a.Meta.data.Sources[].data.Notices / b.data.Meta.data.Sources[].data.Notices
    --- FAIL: TestReviewCopyInventory/LaunchRow (0.00s)
        review_independent_test.go:36: shared mutable interval a.Meta.data.Sources[].data.Notices / b.data.Meta.data.Sources[].data.Notices
    --- FAIL: TestReviewCopyInventory/NamespaceRow (0.00s)
        review_independent_test.go:36: shared mutable interval a.Meta.data.Sources[].data.Notices / b.data.Meta.data.Sources[].data.Notices
    --- FAIL: TestReviewCopyInventory/GraphModel (0.00s)
        review_independent_test.go:36: shared mutable interval a.Commits[].data.Parents / b.data.Commits[].data.Parents
    --- FAIL: TestReviewCopyInventory/DiffModel (0.00s)
        review_independent_test.go:36: shared mutable interval a.Files[].data.Meta.data.Details / b.data.Files[].data.Meta.data.Details
    --- FAIL: TestReviewCopyInventory/NavigatorModel (0.00s)
        review_independent_test.go:36: shared mutable interval a.Rows[].data.Meta.data.Details / b.data.Rows[].data.Meta.data.Details
    --- FAIL: TestReviewCopyInventory/WorktreesModel (0.00s)
        review_independent_test.go:36: shared mutable interval a.Rows[].data.Changes / b.data.Rows[].data.Changes
    --- FAIL: TestReviewCopyInventory/ActiveModel (0.00s)
        review_independent_test.go:36: shared mutable interval a.Worktree.value.data.Changes[].data.Meta.data.Details / b.data.Worktree.value.data.Changes[].data.Meta.data.Details
    --- FAIL: TestReviewCopyInventory/BranchModel (0.00s)
        review_independent_test.go:36: shared mutable interval a.Branch.data.Meta.data.Sources[].data.Notices / b.data.Branch.data.Meta.data.Sources[].data.Notices
    --- FAIL: TestReviewCopyInventory/HistoryModel (0.00s)
        review_independent_test.go:36: shared mutable interval a.Commits[].data.Parents / b.data.Commits[].data.Parents
    --- FAIL: TestReviewCopyInventory/LaunchModel (0.00s)
        review_independent_test.go:36: shared mutable interval a.Rows[].data.OrderedMembers / b.data.Rows[].data.OrderedMembers
    --- FAIL: TestReviewCopyInventory/StashesModel (0.00s)
        review_independent_test.go:36: shared mutable interval a.Rows[].data.Parents / b.data.Rows[].data.Parents
    --- FAIL: TestReviewCopyInventory/ConsolesModel (0.00s)
        review_independent_test.go:36: shared mutable interval a.Rows[].data.Summary.data.ArgumentDisplay / b.data.Rows[].data.Summary.data.ArgumentDisplay
    --- FAIL: TestReviewCopyInventory/ConfiguredTargetRow (0.00s)
        review_independent_test.go:36: shared mutable interval a.Meta.data.Sources[].data.Notices / b.data.Meta.data.Sources[].data.Notices
    --- FAIL: TestReviewCopyInventory/ModalBody#01 (0.00s)
        review_independent_test.go:38: shared mutable interval a.fields[].notices / b.fields[].notices
    review_independent_test.go:130: shared mutable interval a.fields[].notices / b[].notices
FAIL
FAIL	github.com/Hans-Einar/gh-tree/internal/tuistate/viewmodel	0.550s
FAIL
