fixture=/tmp/gh-tree-identity-code-review.5WyxS0
TARGET FSTYPE OPTIONS
/      ext4   rw,relatime,discard,errors=remount-ro,data=ordered
uid=65534(nobody) gid=65534(nobody) groups=65534(nobody)
=== RUN   TestUnixCommitPreservesSetIDModeAfterDataWrites
--- PASS: TestUnixCommitPreservesSetIDModeAfterDataWrites (0.08s)
=== RUN   TestUnixRecoveryUnsupportedEntryPreservesAllTypedLoadFamilies
--- PASS: TestUnixRecoveryUnsupportedEntryPreservesAllTypedLoadFamilies (0.06s)
=== RUN   TestReviewConfirmationStagingRefusal
=== RUN   TestReviewConfirmationStagingRefusal/final-check/symlink/absent
    review_confirmation_linux_test.go:34: substitution refused with unchanged target and external sentinel
=== RUN   TestReviewConfirmationStagingRefusal/final-check/symlink/present
    review_confirmation_linux_test.go:34: substitution refused with unchanged target and external sentinel
=== RUN   TestReviewConfirmationStagingRefusal/final-check/regular/absent
    review_confirmation_linux_test.go:34: substitution refused with unchanged target and external sentinel
=== RUN   TestReviewConfirmationStagingRefusal/final-check/regular/present
    review_confirmation_linux_test.go:34: substitution refused with unchanged target and external sentinel
=== RUN   TestReviewConfirmationStagingRefusal/before-publication/symlink/absent
    review_confirmation_linux_test.go:34: substitution refused with unchanged target and external sentinel
=== RUN   TestReviewConfirmationStagingRefusal/before-publication/symlink/present
    review_confirmation_linux_test.go:34: substitution refused with unchanged target and external sentinel
=== RUN   TestReviewConfirmationStagingRefusal/before-publication/regular/absent
    review_confirmation_linux_test.go:34: substitution refused with unchanged target and external sentinel
=== RUN   TestReviewConfirmationStagingRefusal/before-publication/regular/present
    review_confirmation_linux_test.go:34: substitution refused with unchanged target and external sentinel
--- PASS: TestReviewConfirmationStagingRefusal (0.14s)
    --- PASS: TestReviewConfirmationStagingRefusal/final-check/symlink/absent (0.01s)
    --- PASS: TestReviewConfirmationStagingRefusal/final-check/symlink/present (0.02s)
    --- PASS: TestReviewConfirmationStagingRefusal/final-check/regular/absent (0.01s)
    --- PASS: TestReviewConfirmationStagingRefusal/final-check/regular/present (0.03s)
    --- PASS: TestReviewConfirmationStagingRefusal/before-publication/symlink/absent (0.01s)
    --- PASS: TestReviewConfirmationStagingRefusal/before-publication/symlink/present (0.02s)
    --- PASS: TestReviewConfirmationStagingRefusal/before-publication/regular/absent (0.01s)
    --- PASS: TestReviewConfirmationStagingRefusal/before-publication/regular/present (0.02s)
=== RUN   TestReviewConfirmationRecoveryIDsBesideUnsupported
    review_confirmation_linux_test.go:52: valid current and 3 independent recovery IDs retained with unsupported-entry error
--- PASS: TestReviewConfirmationRecoveryIDsBesideUnsupported (0.02s)
=== RUN   TestReviewUnixModePreservedAfterWriting
    review_linux_test.go:56: result valid=true outcome=2 known=true mode_before=4750 mode_after=4750 error=<nil>
--- PASS: TestReviewUnixModePreservedAfterWriting (0.02s)
=== RUN   TestReviewUnixRecoveryRefusalPreservesCurrent
    review_linux_test.go:69: load valid=true document=true state=3 version=true error=storage-load: Storage load did not complete without diagnostics.
        too many levels of symbolic links
--- PASS: TestReviewUnixRecoveryRefusalPreservesCurrent (0.02s)
=== RUN   TestReviewKnownCommitPreservesCanceledDelivery
    review_protocol_test.go:21: known commit survives delivery error/cancel with 3 recovery records
--- PASS: TestReviewKnownCommitPreservesCanceledDelivery (0.02s)
=== RUN   TestReviewKnownCommitIndependentCurrent
    review_protocol_test.go:33: known publication retains distinct proposed/current content versions
--- PASS: TestReviewKnownCommitIndependentCurrent (0.01s)
PASS
