=== RUN   TestCommitStaleWholeVersionAndForeignStoreRefuse
--- PASS: TestCommitStaleWholeVersionAndForeignStoreRefuse (0.02s)
=== RUN   TestCommitFaultsPreserveKnownOutcomeAndCancellation
=== RUN   TestCommitFaultsPreserveKnownOutcomeAndCancellation/lock
=== RUN   TestCommitFaultsPreserveKnownOutcomeAndCancellation/prepare.payload
=== RUN   TestCommitFaultsPreserveKnownOutcomeAndCancellation/manifest-flushed
=== RUN   TestCommitFaultsPreserveKnownOutcomeAndCancellation/before-publication
=== RUN   TestCommitFaultsPreserveKnownOutcomeAndCancellation/native-return-lost
=== RUN   TestCommitFaultsPreserveKnownOutcomeAndCancellation/directory-flush
=== RUN   TestCommitFaultsPreserveKnownOutcomeAndCancellation/outcome-delivery
--- PASS: TestCommitFaultsPreserveKnownOutcomeAndCancellation (0.07s)
    --- PASS: TestCommitFaultsPreserveKnownOutcomeAndCancellation/lock (0.00s)
    --- PASS: TestCommitFaultsPreserveKnownOutcomeAndCancellation/prepare.payload (0.00s)
    --- PASS: TestCommitFaultsPreserveKnownOutcomeAndCancellation/manifest-flushed (0.01s)
    --- PASS: TestCommitFaultsPreserveKnownOutcomeAndCancellation/before-publication (0.01s)
    --- PASS: TestCommitFaultsPreserveKnownOutcomeAndCancellation/native-return-lost (0.01s)
    --- PASS: TestCommitFaultsPreserveKnownOutcomeAndCancellation/directory-flush (0.01s)
    --- PASS: TestCommitFaultsPreserveKnownOutcomeAndCancellation/outcome-delivery (0.01s)
=== RUN   TestManifestJournalPartialPreparationRetainsPersistedIDs
--- PASS: TestManifestJournalPartialPreparationRetainsPersistedIDs (0.01s)
=== RUN   TestManifestJournalTornTailPreservesEarlierFacts
--- PASS: TestManifestJournalTornTailPreservesEarlierFacts (0.01s)
=== RUN   TestManifestRestartStableRecoveryIDsAndLateOriginalWrites
--- PASS: TestManifestRestartStableRecoveryIDsAndLateOriginalWrites (0.01s)
=== RUN   TestManifestRefusesSameByteArtifactReplacement
--- PASS: TestManifestRefusesSameByteArtifactReplacement (0.01s)
=== RUN   TestManifestRefusesForeignBindingAndMalformedData
--- PASS: TestManifestRefusesForeignBindingAndMalformedData (0.01s)
=== RUN   TestReviewUnixStagingSubstitution
=== RUN   TestReviewUnixStagingSubstitution/absent
    review_linux_test.go:38: result valid=true outcome=2 known=true target_symlink=true error=storage-outcome-delivery: Storage outcome-delivery did not complete without diagnostics.
        too many levels of symbolic links
    review_linux_test.go:39: verified retained proposal replaced by external symlink at publication
=== RUN   TestReviewUnixStagingSubstitution/present
    review_linux_test.go:38: result valid=true outcome=2 known=true target_symlink=true error=storage-outcome-delivery: Storage outcome-delivery did not complete without diagnostics.
        too many levels of symbolic links
    review_linux_test.go:39: verified retained proposal replaced by external symlink at publication
--- FAIL: TestReviewUnixStagingSubstitution (0.03s)
    --- FAIL: TestReviewUnixStagingSubstitution/absent (0.01s)
    --- FAIL: TestReviewUnixStagingSubstitution/present (0.02s)
=== RUN   TestReviewUnixModePreservedAfterWriting
    review_linux_test.go:56: result valid=true outcome=2 known=true mode_before=4750 mode_after=750 error=<nil>
    review_linux_test.go:57: commit silently changed preserved mode after payload write
--- FAIL: TestReviewUnixModePreservedAfterWriting (0.02s)
=== RUN   TestReviewUnixRecoveryRefusalPreservesCurrent
    review_linux_test.go:69: load valid=false document=false state=0 version=false error=storage-load: Storage load did not complete without diagnostics.
        too many levels of symbolic links
        invalid port value: user config load
    review_linux_test.go:71: recovery refusal erased independent usable current observation
--- FAIL: TestReviewUnixRecoveryRefusalPreservesCurrent (0.01s)
=== RUN   TestReviewKnownCommitPreservesCanceledDelivery
    review_protocol_test.go:21: known commit survives delivery error/cancel with 3 recovery records
--- PASS: TestReviewKnownCommitPreservesCanceledDelivery (0.01s)
=== RUN   TestReviewKnownCommitIndependentCurrent
    review_protocol_test.go:33: known publication retains distinct proposed/current content versions
--- PASS: TestReviewKnownCommitIndependentCurrent (0.01s)
FAIL
