=== RUN   TestCommitFaultAndCancellationResources
=== RUN   TestCommitFaultAndCancellationResources/failure/prepare.manifest
=== RUN   TestCommitFaultAndCancellationResources/failure/prepare.manifest.journal.write
=== RUN   TestCommitFaultAndCancellationResources/failure/prepare.manifest.journal.flush
=== RUN   TestCommitFaultAndCancellationResources/failure/prepare.payload
=== RUN   TestCommitFaultAndCancellationResources/failure/prepare.payload.write
=== RUN   TestCommitFaultAndCancellationResources/failure/prepare.payload.flush
=== RUN   TestCommitFaultAndCancellationResources/failure/prepare.payload.journal
=== RUN   TestCommitFaultAndCancellationResources/failure/prepare.payload.journal.write
=== RUN   TestCommitFaultAndCancellationResources/failure/prepare.payload.journal.flush
=== RUN   TestCommitFaultAndCancellationResources/failure/prepare.raw
=== RUN   TestCommitFaultAndCancellationResources/failure/prepare.raw.write
=== RUN   TestCommitFaultAndCancellationResources/failure/prepare.raw.flush
=== RUN   TestCommitFaultAndCancellationResources/failure/prepare.raw.journal
=== RUN   TestCommitFaultAndCancellationResources/failure/prepare.raw.journal.write
=== RUN   TestCommitFaultAndCancellationResources/failure/prepare.raw.journal.flush
=== RUN   TestCommitFaultAndCancellationResources/failure/prepare.original
=== RUN   TestCommitFaultAndCancellationResources/failure/prepare.original.journal
=== RUN   TestCommitFaultAndCancellationResources/failure/prepare.original.journal.write
=== RUN   TestCommitFaultAndCancellationResources/failure/prepare.original.journal.flush
=== RUN   TestCommitFaultAndCancellationResources/failure/prepare.publication
=== RUN   TestCommitFaultAndCancellationResources/failure/prepare.publication.journal
=== RUN   TestCommitFaultAndCancellationResources/failure/prepare.publication.journal.write
=== RUN   TestCommitFaultAndCancellationResources/failure/prepare.publication.journal.flush
=== RUN   TestCommitFaultAndCancellationResources/failure/prepare.ready.journal.write
=== RUN   TestCommitFaultAndCancellationResources/failure/prepare.ready.journal.flush
=== RUN   TestCommitFaultAndCancellationResources/failure/manifest-flushed
=== RUN   TestCommitFaultAndCancellationResources/failure/prepare.close
=== RUN   TestCommitFaultAndCancellationResources/failure/final-check
=== RUN   TestCommitFaultAndCancellationResources/failure/before-publication
=== RUN   TestCommitFaultAndCancellationResources/failure/native-return-lost
=== RUN   TestCommitFaultAndCancellationResources/failure/directory-flush
=== RUN   TestCommitFaultAndCancellationResources/failure/outcome-delivery
=== RUN   TestCommitFaultAndCancellationResources/failure/close.artifact
=== RUN   TestCommitFaultAndCancellationResources/failure/close.lock
=== RUN   TestCommitFaultAndCancellationResources/failure/close.parents
=== RUN   TestCommitFaultAndCancellationResources/cancellation/prepare.manifest
=== RUN   TestCommitFaultAndCancellationResources/cancellation/prepare.manifest.journal.write
=== RUN   TestCommitFaultAndCancellationResources/cancellation/prepare.manifest.journal.flush
=== RUN   TestCommitFaultAndCancellationResources/cancellation/prepare.payload
=== RUN   TestCommitFaultAndCancellationResources/cancellation/prepare.payload.write
=== RUN   TestCommitFaultAndCancellationResources/cancellation/prepare.payload.flush
=== RUN   TestCommitFaultAndCancellationResources/cancellation/prepare.payload.journal
=== RUN   TestCommitFaultAndCancellationResources/cancellation/prepare.payload.journal.write
=== RUN   TestCommitFaultAndCancellationResources/cancellation/prepare.payload.journal.flush
=== RUN   TestCommitFaultAndCancellationResources/cancellation/prepare.raw
=== RUN   TestCommitFaultAndCancellationResources/cancellation/prepare.raw.write
=== RUN   TestCommitFaultAndCancellationResources/cancellation/prepare.raw.flush
=== RUN   TestCommitFaultAndCancellationResources/cancellation/prepare.raw.journal
=== RUN   TestCommitFaultAndCancellationResources/cancellation/prepare.raw.journal.write
=== RUN   TestCommitFaultAndCancellationResources/cancellation/prepare.raw.journal.flush
=== RUN   TestCommitFaultAndCancellationResources/cancellation/prepare.original
=== RUN   TestCommitFaultAndCancellationResources/cancellation/prepare.original.journal
=== RUN   TestCommitFaultAndCancellationResources/cancellation/prepare.original.journal.write
=== RUN   TestCommitFaultAndCancellationResources/cancellation/prepare.original.journal.flush
=== RUN   TestCommitFaultAndCancellationResources/cancellation/prepare.publication
=== RUN   TestCommitFaultAndCancellationResources/cancellation/prepare.publication.journal
=== RUN   TestCommitFaultAndCancellationResources/cancellation/prepare.publication.journal.write
=== RUN   TestCommitFaultAndCancellationResources/cancellation/prepare.publication.journal.flush
=== RUN   TestCommitFaultAndCancellationResources/cancellation/prepare.ready.journal.write
=== RUN   TestCommitFaultAndCancellationResources/cancellation/prepare.ready.journal.flush
=== RUN   TestCommitFaultAndCancellationResources/cancellation/manifest-flushed
=== RUN   TestCommitFaultAndCancellationResources/cancellation/prepare.close
=== RUN   TestCommitFaultAndCancellationResources/cancellation/final-check
=== RUN   TestCommitFaultAndCancellationResources/cancellation/before-publication
=== RUN   TestCommitFaultAndCancellationResources/cancellation/native-return-lost
=== RUN   TestCommitFaultAndCancellationResources/cancellation/directory-flush
=== RUN   TestCommitFaultAndCancellationResources/cancellation/outcome-delivery
=== RUN   TestCommitFaultAndCancellationResources/cancellation/close.artifact
=== RUN   TestCommitFaultAndCancellationResources/cancellation/close.lock
=== RUN   TestCommitFaultAndCancellationResources/cancellation/close.parents
--- PASS: TestCommitFaultAndCancellationResources (4.39s)
    --- PASS: TestCommitFaultAndCancellationResources/failure/prepare.manifest (0.06s)
    --- PASS: TestCommitFaultAndCancellationResources/failure/prepare.manifest.journal.write (0.04s)
    --- PASS: TestCommitFaultAndCancellationResources/failure/prepare.manifest.journal.flush (0.05s)
    --- PASS: TestCommitFaultAndCancellationResources/failure/prepare.payload (0.06s)
    --- PASS: TestCommitFaultAndCancellationResources/failure/prepare.payload.write (0.04s)
    --- PASS: TestCommitFaultAndCancellationResources/failure/prepare.payload.flush (0.06s)
    --- PASS: TestCommitFaultAndCancellationResources/failure/prepare.payload.journal (0.05s)
    --- PASS: TestCommitFaultAndCancellationResources/failure/prepare.payload.journal.write (0.03s)
    --- PASS: TestCommitFaultAndCancellationResources/failure/prepare.payload.journal.flush (0.05s)
    --- PASS: TestCommitFaultAndCancellationResources/failure/prepare.raw (0.04s)
    --- PASS: TestCommitFaultAndCancellationResources/failure/prepare.raw.write (0.05s)
    --- PASS: TestCommitFaultAndCancellationResources/failure/prepare.raw.flush (0.07s)
    --- PASS: TestCommitFaultAndCancellationResources/failure/prepare.raw.journal (0.06s)
    --- PASS: TestCommitFaultAndCancellationResources/failure/prepare.raw.journal.write (0.05s)
    --- PASS: TestCommitFaultAndCancellationResources/failure/prepare.raw.journal.flush (0.08s)
    --- PASS: TestCommitFaultAndCancellationResources/failure/prepare.original (0.04s)
    --- PASS: TestCommitFaultAndCancellationResources/failure/prepare.original.journal (0.06s)
    --- PASS: TestCommitFaultAndCancellationResources/failure/prepare.original.journal.write (0.06s)
    --- PASS: TestCommitFaultAndCancellationResources/failure/prepare.original.journal.flush (0.07s)
    --- PASS: TestCommitFaultAndCancellationResources/failure/prepare.publication (0.07s)
    --- PASS: TestCommitFaultAndCancellationResources/failure/prepare.publication.journal (0.06s)
    --- PASS: TestCommitFaultAndCancellationResources/failure/prepare.publication.journal.write (0.06s)
    --- PASS: TestCommitFaultAndCancellationResources/failure/prepare.publication.journal.flush (0.05s)
    --- PASS: TestCommitFaultAndCancellationResources/failure/prepare.ready.journal.write (0.07s)
    --- PASS: TestCommitFaultAndCancellationResources/failure/prepare.ready.journal.flush (0.16s)
    --- PASS: TestCommitFaultAndCancellationResources/failure/manifest-flushed (0.06s)
    --- PASS: TestCommitFaultAndCancellationResources/failure/prepare.close (0.06s)
    --- PASS: TestCommitFaultAndCancellationResources/failure/final-check (0.06s)
    --- PASS: TestCommitFaultAndCancellationResources/failure/before-publication (0.08s)
    --- PASS: TestCommitFaultAndCancellationResources/failure/native-return-lost (0.11s)
    --- PASS: TestCommitFaultAndCancellationResources/failure/directory-flush (0.20s)
    --- PASS: TestCommitFaultAndCancellationResources/failure/outcome-delivery (0.13s)
    --- PASS: TestCommitFaultAndCancellationResources/failure/close.artifact (0.07s)
    --- PASS: TestCommitFaultAndCancellationResources/failure/close.lock (0.07s)
    --- PASS: TestCommitFaultAndCancellationResources/failure/close.parents (0.06s)
    --- PASS: TestCommitFaultAndCancellationResources/cancellation/prepare.manifest (0.04s)
    --- PASS: TestCommitFaultAndCancellationResources/cancellation/prepare.manifest.journal.write (0.04s)
    --- PASS: TestCommitFaultAndCancellationResources/cancellation/prepare.manifest.journal.flush (0.03s)
    --- PASS: TestCommitFaultAndCancellationResources/cancellation/prepare.payload (0.05s)
    --- PASS: TestCommitFaultAndCancellationResources/cancellation/prepare.payload.write (0.03s)
    --- PASS: TestCommitFaultAndCancellationResources/cancellation/prepare.payload.flush (0.07s)
    --- PASS: TestCommitFaultAndCancellationResources/cancellation/prepare.payload.journal (0.03s)
    --- PASS: TestCommitFaultAndCancellationResources/cancellation/prepare.payload.journal.write (0.09s)
    --- PASS: TestCommitFaultAndCancellationResources/cancellation/prepare.payload.journal.flush (0.09s)
    --- PASS: TestCommitFaultAndCancellationResources/cancellation/prepare.raw (0.07s)
    --- PASS: TestCommitFaultAndCancellationResources/cancellation/prepare.raw.write (0.05s)
    --- PASS: TestCommitFaultAndCancellationResources/cancellation/prepare.raw.flush (0.05s)
    --- PASS: TestCommitFaultAndCancellationResources/cancellation/prepare.raw.journal (0.06s)
    --- PASS: TestCommitFaultAndCancellationResources/cancellation/prepare.raw.journal.write (0.05s)
    --- PASS: TestCommitFaultAndCancellationResources/cancellation/prepare.raw.journal.flush (0.09s)
    --- PASS: TestCommitFaultAndCancellationResources/cancellation/prepare.original (0.08s)
    --- PASS: TestCommitFaultAndCancellationResources/cancellation/prepare.original.journal (0.09s)
    --- PASS: TestCommitFaultAndCancellationResources/cancellation/prepare.original.journal.write (0.07s)
    --- PASS: TestCommitFaultAndCancellationResources/cancellation/prepare.original.journal.flush (0.05s)
    --- PASS: TestCommitFaultAndCancellationResources/cancellation/prepare.publication (0.07s)
    --- PASS: TestCommitFaultAndCancellationResources/cancellation/prepare.publication.journal (0.05s)
    --- PASS: TestCommitFaultAndCancellationResources/cancellation/prepare.publication.journal.write (0.08s)
    --- PASS: TestCommitFaultAndCancellationResources/cancellation/prepare.publication.journal.flush (0.07s)
    --- PASS: TestCommitFaultAndCancellationResources/cancellation/prepare.ready.journal.write (0.08s)
    --- PASS: TestCommitFaultAndCancellationResources/cancellation/prepare.ready.journal.flush (0.06s)
    --- PASS: TestCommitFaultAndCancellationResources/cancellation/manifest-flushed (0.05s)
    --- PASS: TestCommitFaultAndCancellationResources/cancellation/prepare.close (0.04s)
    --- PASS: TestCommitFaultAndCancellationResources/cancellation/final-check (0.04s)
    --- PASS: TestCommitFaultAndCancellationResources/cancellation/before-publication (0.05s)
    --- PASS: TestCommitFaultAndCancellationResources/cancellation/native-return-lost (0.04s)
    --- PASS: TestCommitFaultAndCancellationResources/cancellation/directory-flush (0.04s)
    --- PASS: TestCommitFaultAndCancellationResources/cancellation/outcome-delivery (0.07s)
    --- PASS: TestCommitFaultAndCancellationResources/cancellation/close.artifact (0.04s)
    --- PASS: TestCommitFaultAndCancellationResources/cancellation/close.lock (0.05s)
    --- PASS: TestCommitFaultAndCancellationResources/cancellation/close.parents (0.04s)
=== RUN   TestCommitExternalComparisonGapAndAbsenceCompetitor
=== RUN   TestCommitExternalComparisonGapAndAbsenceCompetitor/absence
=== RUN   TestCommitExternalComparisonGapAndAbsenceCompetitor/presence
--- PASS: TestCommitExternalComparisonGapAndAbsenceCompetitor (0.04s)
    --- PASS: TestCommitExternalComparisonGapAndAbsenceCompetitor/absence (0.02s)
    --- PASS: TestCommitExternalComparisonGapAndAbsenceCompetitor/presence (0.02s)
=== RUN   TestManifestRestartStableRecoveryIDsAndLateOriginalWrites
--- PASS: TestManifestRestartStableRecoveryIDsAndLateOriginalWrites (0.04s)
=== RUN   TestPreparedByteGuardSeparateMetadataBoundary
=== RUN   TestPreparedByteGuardSeparateMetadataBoundary/false
    metadata_boundary_probe_windows_test.go:99: prepared byte guard retained; separate WRITE_DAC changed ordered DACL before publication; actual known result=true nilError=true
=== RUN   TestPreparedByteGuardSeparateMetadataBoundary/true
    metadata_boundary_probe_windows_test.go:99: prepared byte guard retained; separate WRITE_DAC changed ordered DACL before publication; actual known result=true nilError=true
--- PASS: TestPreparedByteGuardSeparateMetadataBoundary (0.04s)
    --- PASS: TestPreparedByteGuardSeparateMetadataBoundary/false (0.01s)
    --- PASS: TestPreparedByteGuardSeparateMetadataBoundary/true (0.02s)
=== RUN   TestWindowsPreparedBytesGuardLifetime
=== RUN   TestWindowsPreparedBytesGuardLifetime/false
    prepared_bytes_windows_test.go:182: 51 actual writer-sharing refusals across 9 stages; read mapping retained; postpublication target write accepted
=== RUN   TestWindowsPreparedBytesGuardLifetime/true
    prepared_bytes_windows_test.go:182: 63 actual writer-sharing refusals across 9 stages; read mapping retained; postpublication target write accepted
--- PASS: TestWindowsPreparedBytesGuardLifetime (0.04s)
    --- PASS: TestWindowsPreparedBytesGuardLifetime/false (0.02s)
    --- PASS: TestWindowsPreparedBytesGuardLifetime/true (0.02s)
=== RUN   TestWindowsEarlierWritableMappingCannotBecomePreparedPayload
--- PASS: TestWindowsEarlierWritableMappingCannotBecomePreparedPayload (0.01s)
=== RUN   TestReviewPreparedByteCorrectionAndGuardClose
=== RUN   TestReviewPreparedByteCorrectionAndGuardClose/present=false/closeError=false
    review_prepared_bytes_windows_test.go:61: fresh current/recovery storage-retained-payload-changed: A retained payload object has changed since preparation; recorded document versions describe the earlier request.
        retained payload bytes changed after preparation
=== RUN   TestReviewPreparedByteCorrectionAndGuardClose/present=false/closeError=true
    review_prepared_bytes_windows_test.go:61: fresh current/recovery storage-retained-payload-changed: A retained payload object has changed since preparation; recorded document versions describe the earlier request.
        retained payload bytes changed after preparation
=== RUN   TestReviewPreparedByteCorrectionAndGuardClose/present=true/closeError=false
    review_prepared_bytes_windows_test.go:61: fresh current/recovery storage-retained-payload-changed: A retained payload object has changed since preparation; recorded document versions describe the earlier request.
        retained payload bytes changed after preparation
=== RUN   TestReviewPreparedByteCorrectionAndGuardClose/present=true/closeError=true
    review_prepared_bytes_windows_test.go:61: fresh current/recovery storage-retained-payload-changed: A retained payload object has changed since preparation; recorded document versions describe the earlier request.
        retained payload bytes changed after preparation
--- FAIL: TestReviewPreparedByteCorrectionAndGuardClose (0.12s)
    --- FAIL: TestReviewPreparedByteCorrectionAndGuardClose/present=false/closeError=false (0.03s)
    --- FAIL: TestReviewPreparedByteCorrectionAndGuardClose/present=false/closeError=true (0.02s)
    --- FAIL: TestReviewPreparedByteCorrectionAndGuardClose/present=true/closeError=false (0.04s)
    --- FAIL: TestReviewPreparedByteCorrectionAndGuardClose/present=true/closeError=true (0.03s)
FAIL
FAIL	github.com/Hans-Einar/gh-tree/internal/persistence	5.218s
FAIL
